#
# A fatal error has been detected by the Java Runtime Environment:
#
#  EXCEPTION_ACCESS_VIOLATION (0xc0000005) at pc=0x00007ffdb2f2e1c8, pid=6244, tid=30088
#
# JRE version: Java(TM) SE Runtime Environment (21.0.8+12) (build 21.0.8+12-LTS-250)
# Java VM: Java HotSpot(TM) 64-Bit Server VM (21.0.8+12-LTS-250, mixed mode, sharing, tiered, compressed oops, compressed class ptrs, parallel gc, windows-amd64)
# Problematic frame:
# V  [jvm.dll+0x13e1c8]
#
# No core dump will be written. Minidumps are not enabled by default on client versions of Windows
#
# If you would like to submit a bug report, please visit:
#   https://bugreport.java.com/bugreport/crash.jsp
#

---------------  S U M M A R Y ------------

Command Line: --add-modules=ALL-SYSTEM --add-opens=java.base/java.util=ALL-UNNAMED --add-opens=java.base/java.lang=ALL-UNNAMED --add-opens=java.base/sun.nio.fs=ALL-UNNAMED -Declipse.application=org.eclipse.jdt.ls.core.id1 -Dosgi.bundles.defaultStartLevel=4 -Declipse.product=org.eclipse.jdt.ls.core.product -Djava.import.generatesMetadataFilesAtProjectRoot=false -DDetectVMInstallationsJob.disabled=true -Dfile.encoding=utf8 -XX:+UseParallelGC -XX:GCTimeRatio=4 -XX:AdaptiveSizePolicyWeight=90 -Dsun.zip.disableMemoryMapping=true -Xmx2G -Xms100m -Xlog:disable -javaagent:c:\Users\Thinkpad\.vscode\extensions\redhat.java-1.55.0-win32-x64\lombok\lombok-1.18.39-4050.jar -XX:+HeapDumpOnOutOfMemoryError -XX:HeapDumpPath=c:\Users\Thinkpad\AppData\Roaming\Code\User\workspaceStorage\09663600955caa18eb29f2be2490ea94\redhat.java -Daether.dependencyCollector.impl=bf c:\Users\Thinkpad\.vscode\extensions\redhat.java-1.55.0-win32-x64\server\plugins\org.eclipse.equinox.launcher_1.7.200.v20260619-2039.jar -configuration c:\Users\Thinkpad\AppData\Roaming\Code\User\globalStorage\redhat.java\1.55.0\config_win -data c:\Users\Thinkpad\AppData\Roaming\Code\User\workspaceStorage\09663600955caa18eb29f2be2490ea94\redhat.java\jdt_ws --pipe=\\.\pipe\lsp-571141a06b5035f05eff75bf83ee512b-sock

Host: Intel(R) Core(TM) i5-8365U CPU @ 1.60GHz, 8 cores, 15G,  Windows 11 , 64 bit Build 26100 (10.0.26100.7920)
Time: Thu Jul  9 08:54:39 2026  Windows 11 , 64 bit Build 26100 (10.0.26100.7920) elapsed time: 64745.610227 seconds (0d 17h 59m 5s)

---------------  T H R E A D  ---------------

Current thread (0x000001fbc5c6af40):  WorkerThread "GC Thread#7"    [id=30088, stack(0x000000ae22500000,0x000000ae22600000) (1024K)]

Stack: [0x000000ae22500000,0x000000ae22600000],  sp=0x000000ae225ff698,  free space=1021k
Native frames: (J=compiled Java code, j=interpreted, Vv=VM code, C=native code)
V  [jvm.dll+0x13e1c8]


siginfo: EXCEPTION_ACCESS_VIOLATION (0xc0000005), reading address 0x000001fb8558e6e0


Registers:
RAX=0x0000000000000001, RBX=0x000000008210a700, RCX=0x0000000000000000, RDX=0x000000008210a700
RSP=0x000000ae225ff698, RBP=0x000000ae225ff780, RSI=0x000000008210a698, RDI=0x000001fbddfe7040
R8 =0x000001fb8558e6d8, R9 =0x00000000000080b1, R10=0x000000008210a698, R11=0x0000000000000042
R12=0x00007ffdb39bea10, R13=0x000000ae225ff928, R14=0x000001fb8158a260, R15=0x000000008210a678
RIP=0x00007ffdb2f2e1c8, EFLAGS=0x0000000000010206


Register to memory mapping:

RAX=0x0000000000000001 is an unknown value
RBX=
[error occurred during error reporting (printing register info), id 0xc0000005, EXCEPTION_ACCESS_VIOLATION (0xc0000005) at pc=0x00007ffdb34caae6]
RCX=0x0 is null
RDX=
[error occurred during error reporting (printing register info, attempt 2), id 0xc0000005, EXCEPTION_ACCESS_VIOLATION (0xc0000005) at pc=0x00007ffdb34caae6]
RSP=0x000000ae225ff698 points into unknown readable memory: 0x00007ffdb34c872e | 2e 87 4c b3 fd 7f 00 00
RBP=0x000000ae225ff780 points into unknown readable memory: 0x00007ffdb3829db8 | b8 9d 82 b3 fd 7f 00 00
RSI=0x000000008210a698 is an oop: java.lang.String 
{0x000000008210a698} - klass: 'java/lang/String'
 - string: "/modules/java.desktop/sun/awt/shell/DefaultShellFolder.class"
 - ---- fields (total size 3 words):
 - private 'hash' 'I' @12  -1422437502 (0xab375382)
 - private final 'coder' 'B' @16  0 (0x00)
 - private 'hashIsZero' 'Z' @17  false (0x00)
 - injected 'flags' 'B' @18  0 (0x00)
 - private final 'value' '[B' @20  [B{0x000000008210a6b0} (0x8210a6b0)
RDI=0x000001fbddfe7040 points into unknown readable memory: 0x000001fbdbd60150 | 50 01 d6 db fb 01 00 00
R8 =0x000001fb8558e6d8 is an unknown value
R9 =0x00000000000080b1 is an unknown value
R10=0x000000008210a698 is an oop: java.lang.String 
{0x000000008210a698} - klass: 'java/lang/String'
 - string: "/modules/java.desktop/sun/awt/shell/DefaultShellFolder.class"
 - ---- fields (total size 3 words):
 - private 'hash' 'I' @12  -1422437502 (0xab375382)
 - private final 'coder' 'B' @16  0 (0x00)
 - private 'hashIsZero' 'Z' @17  false (0x00)
 - injected 'flags' 'B' @18  0 (0x00)
 - private final 'value' '[B' @20  [B{0x000000008210a6b0} (0x8210a6b0)
R11=0x0000000000000042 is an unknown value
R12=0x00007ffdb39bea10 jvm.dll
R13=0x000000ae225ff928 points into unknown readable memory: 0x00007ffdb382a810 | 10 a8 82 b3 fd 7f 00 00
R14=0x000001fb8158a260 is a pointer to class: 
jdk.internal.jimage.BasicImageReader$1 {0x000001fb8158a268}
 - instance size:     3
 - klass size:        69
 - access:            synchronized 
 - flags:             rewritten has_nonstatic_fields should_verify_class has_localvariable_table 
 - state:             fully_initialized
 - name:              'jdk/internal/jimage/BasicImageReader$1'
 - super:             'java/lang/Object'
 - sub:               
 - arrays:            null
 - methods:           Array<T>(0x000001fbc3bb2418)
 - method ordering:   Array<T>(0x000001fb80b32470)
 - local interfaces:  Array<T>(0x000001fbc3bb2408)
 - trans. interfaces: Array<T>(0x000001fbc3bb2408)
 - constants:         constant pool [61] {0x000001fbc3bb21a0} for 'jdk/internal/jimage/BasicImageReader$1' cache=0x000001fbc3bb2698
 - class loader data:  loader data: 0x000001fbc5f74110 for instance a 'jdk/internal/jrtfs/JrtFileSystemProvider$JrtFsLoader'{0x0000000081aed3b8}
 - source file:       'BasicImageReader.java'
 - generic signature: 'Ljava/lang/Object;Ljava/security/PrivilegedAction<Ljava/lang/Boolean;>;'
 - inner classes:     Array<T>(0x000001fbc3bb2650)
 - nest members:     Array<T>(0x000001fb80613f60)
 - permitted subclasses:     Array<T>(0x000001fb80613f60)
 - java mirror:       a 'java/lang/Class'{0x0000000081aee460} = 'jdk/internal/jimage/BasicImageReader$1'
 - vtable length      7  (start addr: 0x000001fb8158a420)
 - itable length      5 (start addr: 0x000001fb8158a458)
 - ---- static fields (0 words):
 - ---- non-static fields (3 words):
 - final synthetic 'val$value' 'Ljava/lang/String;' @12 
 - final synthetic 'val$key' 'Ljava/lang/String;' @16 
 - final synthetic 'val$def' 'Ljava/lang/String;' @20 
 - non-static oop maps: 12-20 
R15=0x000000008210a678 is an oop: jdk.internal.jimage.ImageReader$Resource 
{0x000000008210a678} - klass: 'jdk/internal/jimage/ImageReader$Resource'
 - ---- fields (total size 4 words):
 - private 'flags' 'I' @12  0 (0x00000000)
 - private 'completed' 'Z' @16  false (0x00)
 - private final 'name' 'Ljava/lang/String;' @20  "/modules/java.desktop/sun/awt/shell/DefaultShellFolder.class"{0x000000008210a698} (0x8210a698)
 - private final 'fileAttrs' 'Ljava/nio/file/attribute/BasicFileAttributes;' @24  a 'sun/nio/fs/WindowsFileAttributes'{0x0000000081aeb5c0} (0x81aeb5c0)
 - private final 'loc' 'Ljdk/internal/jimage/ImageLocation;' @28  
[error occurred during error reporting (printing register info, attempt 3), id 0xc0000005, EXCEPTION_ACCESS_VIOLATION (0xc0000005) at pc=0x00007ffdb34a7bb0]
Top of Stack: (sp=0x000000ae225ff698)
0x000000ae225ff698:   00007ffdb34c872e 000000008210a698
0x000000ae225ff6a8:   000001fbddfe7040 000000ae225ff780
0x000000ae225ff6b8:   00007ffdb34c7729 000000008210a700
0x000000ae225ff6c8:   00007ffdb34c5f16 000001fbc8e09b88
0x000000ae225ff6d8:   00007ffdb34c880a 0000000082102f28
0x000000ae225ff6e8:   0000000082102f08 000001fb8158a258
0x000000ae225ff6f8:   00007ffdb34c67ce 000000008210a694
0x000000ae225ff708:   00007ffdb34f0878 000000ae225ff780
0x000000ae225ff718:   00007ffdb39bea10 00007ffdb3829db8
0x000000ae225ff728:   0000000000000000 000000008210a678
0x000000ae225ff738:   00007ffdb34f1343 00000000000080b1
0x000000ae225ff748:   000001fbddfe7040 00007ffdb3789da0
0x000000ae225ff758:   0003000300030003 0000000300030003
0x000000ae225ff768:   0000000000000000 0000000000000000
0x000000ae225ff778:   0000000000000000 00007ffdb3829db8
0x000000ae225ff788:   000001fbddf70960 ffffffff00000004
0x000000ae225ff798:   000001fbddfe7040 000001fbc6088ca0
0x000000ae225ff7a8:   000001fbc50d44d8 00000000000003d8
0x000000ae225ff7b8:   0000000000000000 000001fbc50d40f0
0x000000ae225ff7c8:   00007ffdb34f0a38 000001fbc6088ca0
0x000000ae225ff7d8:   000000ae225ff850 000001fbc55598c0
0x000000ae225ff7e8:   000001fbddfe7040 000000ae225ff840
0x000000ae225ff7f8:   000000ae225ff850 0000000000000000
0x000000ae225ff808:   0000000000000000 000001fbc50d4100
0x000000ae225ff818:   00007ffdb34f4ecd 000001fbddfe7040
0x000000ae225ff828:   000001fbc50d40f0 000001fbc55598c0
0x000000ae225ff838:   000001fbddfe7040 00007ffdb382a630
0x000000ae225ff848:   000001fbddfe7040 00007ffdb37c8738
0x000000ae225ff858:   000000ae225ff840 0000000000000000
0x000000ae225ff868:   00007ffdb34fc601 0000000000000001
0x000000ae225ff878:   000001fbc6088ca0 000000ae212fedb0
0x000000ae225ff888:   000001fbddfe7040 000001fbc667db80 

Instructions: (pc=0x00007ffdb2f2e1c8)
0x00007ffdb2f2e0c8:   c0 74 ac 48 8b 5c 24 30 48 8b 74 24 38 48 83 c4
0x00007ffdb2f2e0d8:   20 5f c3 cc cc cc cc cc 48 89 5c 24 08 57 48 83
0x00007ffdb2f2e0e8:   ec 20 0f b6 05 c9 34 a8 00 48 8b fa 48 8b d9 84
0x00007ffdb2f2e0f8:   c0 74 16 44 8b 41 08 8b 0d 83 1e a8 00 49 d3 e0
0x00007ffdb2f2e108:   4c 03 05 71 1e a8 00 eb 04 4c 8b 41 08 45 8b 48
0x00007ffdb2f2e118:   08 45 85 c9 7e 0f 41 f6 c1 01 75 53 41 c1 f9 03
0x00007ffdb2f2e128:   49 63 c9 eb 5c 79 48 84 c0 ba 0c 00 00 00 8b 05
0x00007ffdb2f2e138:   9c 2f a8 00 b9 10 00 00 00 0f 45 ca ff c8 4c 63
0x00007ffdb2f2e148:   c0 41 8b c1 48 c1 f8 10 48 63 14 19 41 8b c9 83
0x00007ffdb2f2e158:   e1 3f 48 d3 e2 0f b6 c8 49 8d 04 10 49 f7 d0 48
0x00007ffdb2f2e168:   03 c8 49 c1 e8 03 48 c1 e9 03 49 23 c8 eb 12 49
0x00007ffdb2f2e178:   8b 00 48 8b d3 49 8b c8 ff 90 00 01 00 00 48 8b
0x00007ffdb2f2e188:   c8 48 89 1f 48 8b c7 48 8b 5c 24 30 48 89 4f 08
0x00007ffdb2f2e198:   48 83 c4 20 5f c3 cc cc 0f b6 05 13 34 a8 00 48
0x00007ffdb2f2e1a8:   8b d1 84 c0 74 16 44 8b 41 08 8b 0d d0 1d a8 00
0x00007ffdb2f2e1b8:   49 d3 e0 4c 03 05 be 1d a8 00 eb 04 4c 8b 41 08
0x00007ffdb2f2e1c8:   45 8b 48 08 45 85 c9 7e 0e 41 f6 c1 01 75 53 41
0x00007ffdb2f2e1d8:   c1 f9 03 49 63 c1 c3 79 49 84 c0 41 b8 0c 00 00
0x00007ffdb2f2e1e8:   00 8b 05 e9 2e a8 00 b9 10 00 00 00 41 0f 45 c8
0x00007ffdb2f2e1f8:   ff c8 4c 63 c0 41 8b c1 48 c1 f8 10 0f b6 c0 48
0x00007ffdb2f2e208:   63 14 11 41 8b c9 83 e1 3f 48 d3 e2 49 8d 0c 10
0x00007ffdb2f2e218:   49 f7 d0 48 03 c1 49 c1 e8 03 48 c1 e8 03 49 23
0x00007ffdb2f2e228:   c0 c3 49 8b 00 49 8b c8 48 ff a0 00 01 00 00 cc
0x00007ffdb2f2e238:   cc cc cc cc cc cc cc cc 4c 8b c2 48 8b d1 45 8b
0x00007ffdb2f2e248:   48 08 45 85 c9 7e 0e 41 f6 c1 01 75 56 41 c1 f9
0x00007ffdb2f2e258:   03 49 63 c1 c3 79 4c 80 3d 54 33 a8 00 00 b8 0c
0x00007ffdb2f2e268:   00 00 00 b9 10 00 00 00 0f 45 c8 8b 05 5f 2e a8
0x00007ffdb2f2e278:   00 ff c8 4c 63 c0 41 8b c1 48 c1 f8 10 48 63 14
0x00007ffdb2f2e288:   11 41 8b c9 83 e1 3f 0f b6 c0 48 d3 e2 49 8d 0c
0x00007ffdb2f2e298:   10 49 f7 d0 48 03 c1 49 c1 e8 03 48 c1 e8 03 49
0x00007ffdb2f2e2a8:   23 c0 c3 49 8b 00 49 8b c8 48 ff a0 00 01 00 00
0x00007ffdb2f2e2b8:   cc cc cc cc cc cc cc cc 48 83 ec 28 ba 37 00 00 


Stack slot to memory mapping:

stack at sp + 0 slots: 0x00007ffdb34c872e jvm.dll
stack at sp + 1 slots: 0x000000008210a698 is an oop: java.lang.String 
{0x000000008210a698} - klass: 'java/lang/String'
 - string: "/modules/java.desktop/sun/awt/shell/DefaultShellFolder.class"
 - ---- fields (total size 3 words):
 - private 'hash' 'I' @12  -1422437502 (0xab375382)
 - private final 'coder' 'B' @16  0 (0x00)
 - private 'hashIsZero' 'Z' @17  false (0x00)
 - injected 'flags' 'B' @18  0 (0x00)
 - private final 'value' '[B' @20  [B{0x000000008210a6b0} (0x8210a6b0)
stack at sp + 2 slots: 0x000001fbddfe7040 points into unknown readable memory: 0x000001fbdbd60150 | 50 01 d6 db fb 01 00 00
stack at sp + 3 slots: 0x000000ae225ff780 points into unknown readable memory: 0x00007ffdb3829db8 | b8 9d 82 b3 fd 7f 00 00
stack at sp + 4 slots: 0x00007ffdb34c7729 jvm.dll
stack at sp + 5 slots: 
[error occurred during error reporting (inspecting top of stack), id 0xc0000005, EXCEPTION_ACCESS_VIOLATION (0xc0000005) at pc=0x00007ffdb34caae6]
stack at sp + 6 slots: 0x00007ffdb34c5f16 jvm.dll
stack at sp + 7 slots: 0x000001fbc8e09b88 points into unknown readable memory: 0x0000000081aee210 | 10 e2 ae 81 00 00 00 00


---------------  P R O C E S S  ---------------

Threads class SMR info:
_java_thread_list=0x000001fbc6731960, length=48, elements={
0x000001fbdbd99050, 0x000001fbddedc1a0, 0x000001fbddedcdf0, 0x000001fbddeed130,
0x000001fbddeeeef0, 0x000001fbddef00e0, 0x000001fbddef1d00, 0x000001fbddefa060,
0x000001fbddefe660, 0x000001fbc515af60, 0x000001fbc515b5f0, 0x000001fbc5159bb0,
0x000001fbc515bc80, 0x000001fbc515c310, 0x000001fbc515a240, 0x000001fbc5158e90,
0x000001fbc5159520, 0x000001fbc515a8d0, 0x000001fbc608c120, 0x000001fbc6088ca0,
0x000001fbc608a6e0, 0x000001fbc608ad70, 0x000001fbc8a0a360, 0x000001fbc8a0b710,
0x000001fbc8a09cd0, 0x000001fbc8a0c430, 0x000001fbc8a0a9f0, 0x000001fbc8a0b080,
0x000001fbc8a0bda0, 0x000001fbc8a08fb0, 0x000001fbc8a0cac0, 0x000001fbc8a09640,
0x000001fbc8763d80, 0x000001fbc8764aa0, 0x000001fbc8766b70, 0x000001fbc823b8e0,
0x000001fbc823b250, 0x000001fbc823ed60, 0x000001fbc823d9b0, 0x000001fbc823f3f0,
0x000001fbc823d320, 0x000001fbc823fa80, 0x000001fbc823cc90, 0x000001fbc823e040,
0x000001fbc8a105d0, 0x000001fbc74a01f0, 0x000001fbc74a2400, 0x000001fbc8a0eb90
}

Java Threads: ( => current thread )
  0x000001fbdbd99050 JavaThread "main"                              [_thread_blocked, id=1108, stack(0x000000ae20f00000,0x000000ae21000000) (1024K)]
  0x000001fbddedc1a0 JavaThread "Reference Handler"          daemon [_thread_blocked, id=2076, stack(0x000000ae21300000,0x000000ae21400000) (1024K)]
  0x000001fbddedcdf0 JavaThread "Finalizer"                  daemon [_thread_blocked, id=15076, stack(0x000000ae21400000,0x000000ae21500000) (1024K)]
  0x000001fbddeed130 JavaThread "Signal Dispatcher"          daemon [_thread_blocked, id=2556, stack(0x000000ae21500000,0x000000ae21600000) (1024K)]
  0x000001fbddeeeef0 JavaThread "Attach Listener"            daemon [_thread_blocked, id=29392, stack(0x000000ae21600000,0x000000ae21700000) (1024K)]
  0x000001fbddef00e0 JavaThread "Service Thread"             daemon [_thread_blocked, id=20680, stack(0x000000ae21700000,0x000000ae21800000) (1024K)]
  0x000001fbddef1d00 JavaThread "Monitor Deflation Thread"   daemon [_thread_blocked, id=30444, stack(0x000000ae21800000,0x000000ae21900000) (1024K)]
  0x000001fbddefa060 JavaThread "C2 CompilerThread0"         daemon [_thread_blocked, id=21688, stack(0x000000ae21900000,0x000000ae21a00000) (1024K)]
  0x000001fbddefe660 JavaThread "C1 CompilerThread0"         daemon [_thread_blocked, id=28544, stack(0x000000ae21a00000,0x000000ae21b00000) (1024K)]
  0x000001fbc515af60 JavaThread "Common-Cleaner"             daemon [_thread_blocked, id=21020, stack(0x000000ae21b00000,0x000000ae21c00000) (1024K)]
  0x000001fbc515b5f0 JavaThread "Notification Thread"        daemon [_thread_blocked, id=25248, stack(0x000000ae21c00000,0x000000ae21d00000) (1024K)]
  0x000001fbc5159bb0 JavaThread "Active Thread: Equinox Container: 7530a203-88ae-49ba-9a4a-b08fea35cb2d"        [_thread_blocked, id=29360, stack(0x000000ae22400000,0x000000ae22500000) (1024K)]
  0x000001fbc515bc80 JavaThread "Refresh Thread: Equinox Container: 7530a203-88ae-49ba-9a4a-b08fea35cb2d" daemon [_thread_blocked, id=20508, stack(0x000000ae22600000,0x000000ae22700000) (1024K)]
  0x000001fbc515c310 JavaThread "Framework Event Dispatcher: Equinox Container: 7530a203-88ae-49ba-9a4a-b08fea35cb2d" daemon [_thread_blocked, id=18900, stack(0x000000ae22300000,0x000000ae22400000) (1024K)]
  0x000001fbc515a240 JavaThread "Start Level: Equinox Container: 7530a203-88ae-49ba-9a4a-b08fea35cb2d" daemon [_thread_blocked, id=11080, stack(0x000000ae22700000,0x000000ae22800000) (1024K)]
  0x000001fbc5158e90 JavaThread "Bundle File Closer"         daemon [_thread_blocked, id=23240, stack(0x000000ae22a00000,0x000000ae22b00000) (1024K)]
  0x000001fbc5159520 JavaThread "SCR Component Actor"        daemon [_thread_blocked, id=8864, stack(0x000000ae22800000,0x000000ae22900000) (1024K)]
  0x000001fbc515a8d0 JavaThread "Worker-JM"                         [_thread_blocked, id=32216, stack(0x000000ae22900000,0x000000ae22a00000) (1024K)]
  0x000001fbc608c120 JavaThread "JNA Cleaner"                daemon [_thread_blocked, id=29112, stack(0x000000ae22c00000,0x000000ae22d00000) (1024K)]
  0x000001fbc6088ca0 JavaThread "Java indexing"              daemon [_thread_blocked, id=8280, stack(0x000000ae23000000,0x000000ae23100000) (1024K)]
  0x000001fbc608a6e0 JavaThread "Thread-1"                   daemon [_thread_in_native, id=22492, stack(0x000000ae23700000,0x000000ae23800000) (1024K)]
  0x000001fbc608ad70 JavaThread "Thread-2"                   daemon [_thread_in_native, id=4320, stack(0x000000ae23800000,0x000000ae23900000) (1024K)]
  0x000001fbc8a0a360 JavaThread "Thread-3"                   daemon [_thread_in_native, id=15116, stack(0x000000ae23900000,0x000000ae23a00000) (1024K)]
  0x000001fbc8a0b710 JavaThread "Thread-4"                   daemon [_thread_in_native, id=13368, stack(0x000000ae23a00000,0x000000ae23b00000) (1024K)]
  0x000001fbc8a09cd0 JavaThread "Thread-5"                   daemon [_thread_in_native, id=21828, stack(0x000000ae23b00000,0x000000ae23c00000) (1024K)]
  0x000001fbc8a0c430 JavaThread "Thread-6"                   daemon [_thread_in_native, id=11980, stack(0x000000ae23c00000,0x000000ae23d00000) (1024K)]
  0x000001fbc8a0a9f0 JavaThread "Thread-7"                   daemon [_thread_in_native, id=26572, stack(0x000000ae23d00000,0x000000ae23e00000) (1024K)]
  0x000001fbc8a0b080 JavaThread "Thread-8"                   daemon [_thread_in_native, id=18916, stack(0x000000ae23e00000,0x000000ae23f00000) (1024K)]
  0x000001fbc8a0bda0 JavaThread "Thread-9"                   daemon [_thread_in_native, id=8708, stack(0x000000ae23f00000,0x000000ae24000000) (1024K)]
  0x000001fbc8a08fb0 JavaThread "pool-2-thread-1"                   [_thread_blocked, id=31584, stack(0x000000ae24000000,0x000000ae24100000) (1024K)]
  0x000001fbc8a0cac0 JavaThread "WorkspaceEventsHandler"            [_thread_blocked, id=24728, stack(0x000000ae24100000,0x000000ae24200000) (1024K)]
  0x000001fbc8a09640 JavaThread "pool-1-thread-1"                   [_thread_blocked, id=27768, stack(0x000000ae24200000,0x000000ae24300000) (1024K)]
  0x000001fbc8763d80 JavaThread "Worker-12"                         [_thread_blocked, id=3252, stack(0x000000ae22d00000,0x000000ae22e00000) (1024K)]
  0x000001fbc8764aa0 JavaThread "Cleaner-0"                  daemon [_thread_blocked, id=23748, stack(0x000000ae24600000,0x000000ae24700000) (1024K)]
  0x000001fbc8766b70 JavaThread "Worker-17"                         [_thread_blocked, id=324, stack(0x000000ae20d00000,0x000000ae20e00000) (1024K)]
  0x000001fbc823b8e0 JavaThread "ForkJoinPool.commonPool-worker-22" daemon [_thread_blocked, id=12964, stack(0x000000ae20e00000,0x000000ae20f00000) (1024K)]
  0x000001fbc823b250 JavaThread "ForkJoinPool.commonPool-worker-23" daemon [_thread_blocked, id=19876, stack(0x000000ae22b00000,0x000000ae22c00000) (1024K)]
  0x000001fbc823ed60 JavaThread "PatternSearchJob-worker-9"  daemon [_thread_blocked, id=12676, stack(0x000000ae23100000,0x000000ae23200000) (1024K)]
  0x000001fbc823d9b0 JavaThread "PatternSearchJob-worker-10" daemon [_thread_blocked, id=9312, stack(0x000000ae23200000,0x000000ae23300000) (1024K)]
  0x000001fbc823f3f0 JavaThread "PatternSearchJob-worker-11" daemon [_thread_blocked, id=27836, stack(0x000000ae23300000,0x000000ae23400000) (1024K)]
  0x000001fbc823d320 JavaThread "PatternSearchJob-worker-12" daemon [_thread_blocked, id=12664, stack(0x000000ae23400000,0x000000ae23500000) (1024K)]
  0x000001fbc823fa80 JavaThread "PatternSearchJob-worker-13" daemon [_thread_blocked, id=27188, stack(0x000000ae23500000,0x000000ae23600000) (1024K)]
  0x000001fbc823cc90 JavaThread "PatternSearchJob-worker-14" daemon [_thread_blocked, id=19824, stack(0x000000ae23600000,0x000000ae23700000) (1024K)]
  0x000001fbc823e040 JavaThread "PatternSearchJob-worker-15" daemon [_thread_blocked, id=33896, stack(0x000000ae24300000,0x000000ae24400000) (1024K)]
  0x000001fbc8a105d0 JavaThread "pool-5-thread-1"                   [_thread_blocked, id=34296, stack(0x000000ae20c00000,0x000000ae20d00000) (1024K)]
  0x000001fbc74a01f0 JavaThread "C2 CompilerThread1"         daemon [_thread_blocked, id=26668, stack(0x000000ae22e00000,0x000000ae22f00000) (1024K)]
  0x000001fbc74a2400 JavaThread "C2 CompilerThread2"         daemon [_thread_blocked, id=11112, stack(0x000000ae22f00000,0x000000ae23000000) (1024K)]
  0x000001fbc8a0eb90 JavaThread "Framework stop - Equinox Container: 7530a203-88ae-49ba-9a4a-b08fea35cb2d"        [_thread_blocked, id=20748, stack(0x000000ae24400000,0x000000ae24500000) (1024K)]
Total: 48

Other Threads:
  0x000001fbde029bd0 VMThread "VM Thread"                           [id=3796, stack(0x000000ae21200000,0x000000ae21300000) (1024K)]
  0x000001fbdddfca00 WatcherThread "VM Periodic Task Thread"        [id=9056, stack(0x000000ae21100000,0x000000ae21200000) (1024K)]
  0x000001fbddf89cf0 WorkerThread "GC Thread#0"                     [id=34056, stack(0x000000ae21000000,0x000000ae21100000) (1024K)]
  0x000001fbc54a57c0 WorkerThread "GC Thread#1"                     [id=35224, stack(0x000000ae21d00000,0x000000ae21e00000) (1024K)]
  0x000001fbc56f4f50 WorkerThread "GC Thread#2"                     [id=35396, stack(0x000000ae21e00000,0x000000ae21f00000) (1024K)]
  0x000001fbc59fb3e0 WorkerThread "GC Thread#3"                     [id=26576, stack(0x000000ae21f00000,0x000000ae22000000) (1024K)]
  0x000001fbc59fb780 WorkerThread "GC Thread#4"                     [id=25332, stack(0x000000ae22000000,0x000000ae22100000) (1024K)]
  0x000001fbc5a01800 WorkerThread "GC Thread#5"                     [id=5136, stack(0x000000ae22100000,0x000000ae22200000) (1024K)]
  0x000001fbc5a01ba0 WorkerThread "GC Thread#6"                     [id=6584, stack(0x000000ae22200000,0x000000ae22300000) (1024K)]
=>0x000001fbc5c6af40 WorkerThread "GC Thread#7"                     [id=30088, stack(0x000000ae22500000,0x000000ae22600000) (1024K)]
Total: 10

Threads with active compile tasks:
C2 CompilerThread2  64745783 27895       4       java.lang.StackTraceElement::toString (298 bytes)
Total: 1

VM state: at safepoint (normal execution)

VM Mutex/Monitor currently owned by a thread:  ([mutex/lock_event])
[0x00007ffdb3a30e50] Threads_lock - owner thread: 0x000001fbde029bd0
[0x00007ffdb3a30f50] Heap_lock - owner thread: 0x000001fbc8a09640

Heap address: 0x0000000080000000, size: 2048 MB, Compressed Oops mode: 32-bit

CDS archive(s) mapped at: [0x000001fb80000000-0x000001fb80c90000-0x000001fb80c90000), size 13172736, SharedBaseAddress: 0x000001fb80000000, ArchiveRelocationMode: 1.
Compressed class space mapped at: 0x000001fb81000000-0x000001fbc1000000, reserved size: 1073741824
Narrow klass base: 0x000001fb80000000, Narrow klass shift: 0, Narrow klass range: 0x100000000

GC Precious Log:
 CardTable entry size: 512
 CPUs: 8 total, 8 available
 Memory: 16124M
 Large Page Support: Disabled
 NUMA Support: Disabled
 Compressed Oops: Enabled (32-bit)
 Alignments: Space 512K, Generation 512K, Heap 2M
 Heap Min Capacity: 100M
 Heap Initial Capacity: 100M
 Heap Max Capacity: 2G
 Pre-touch: Disabled
 Parallel Workers: 8

Heap:
 PSYoungGen      total 7168K, used 1032K [0x00000000d5580000, 0x00000000d5e80000, 0x0000000100000000)
  eden space 5632K, 0% used [0x00000000d5580000,0x00000000d5580000,0x00000000d5b00000)
  from space 1536K, 67% used [0x00000000d5b00000,0x00000000d5c02200,0x00000000d5c80000)
  to   space 1536K, 0% used [0x00000000d5d00000,0x00000000d5d00000,0x00000000d5e80000)
 ParOldGen       total 115200K, used 114041K [0x0000000080000000, 0x0000000087080000, 0x00000000d5580000)
  object space 115200K, 98% used [0x0000000080000000,0x0000000086f5e408,0x0000000087080000)
 Metaspace       used 80664K, committed 82368K, reserved 1179648K
  class space    used 7643K, committed 8384K, reserved 1048576K

Card table byte_map: [0x000001fbdd910000,0x000001fbddd20000] _byte_map_base: 0x000001fbdd510000

Marking Bits: (ParMarkBitMap*) 0x00007ffdb3a35da0
 Begin Bits: [0x000001fbf56b0000, 0x000001fbf76b0000)
 End Bits:   [0x000001fbf76b0000, 0x000001fbf96b0000)

Polling page: 0x000001fbdc0b0000

Metaspace:

Usage:
  Non-class:     71.31 MB used.
      Class:      7.46 MB used.
       Both:     78.77 MB used.

Virtual space:
  Non-class space:      128.00 MB reserved,      72.25 MB ( 56%) committed,  2 nodes.
      Class space:        1.00 GB reserved,       8.19 MB ( <1%) committed,  1 nodes.
             Both:        1.12 GB reserved,      80.44 MB (  7%) committed. 

Chunk freelists:
   Non-Class:  7.05 MB
       Class:  7.86 MB
        Both:  14.91 MB

MaxMetaspaceSize: unlimited
CompressedClassSpaceSize: 1.00 GB
Initial GC threshold: 21.00 MB
Current GC threshold: 131.38 MB
CDS: on
 - commit_granule_bytes: 65536.
 - commit_granule_words: 8192.
 - virtual_space_node_default_size: 8388608.
 - enlarge_chunks_in_place: 1.
 - use_allocation_guard: 0.


Internal statistics:

num_allocs_failed_limit: 6.
num_arena_births: 2150.
num_arena_deaths: 736.
num_vsnodes_births: 3.
num_vsnodes_deaths: 0.
num_space_committed: 1287.
num_space_uncommitted: 0.
num_chunks_returned_to_freelist: 925.
num_chunks_taken_from_freelist: 6572.
num_chunk_merges: 273.
num_chunk_splits: 3639.
num_chunks_enlarged: 1953.
num_inconsistent_stats: 0.

CodeHeap 'non-profiled nmethods': size=120000Kb used=13206Kb max_used=13206Kb free=106793Kb
 bounds [0x000001fbeded0000, 0x000001fbeebc0000, 0x000001fbf5400000]
CodeHeap 'profiled nmethods': size=120000Kb used=23641Kb max_used=30282Kb free=96358Kb
 bounds [0x000001fbe6400000, 0x000001fbe81a0000, 0x000001fbed930000]
CodeHeap 'non-nmethods': size=5760Kb used=1487Kb max_used=1696Kb free=4272Kb
 bounds [0x000001fbed930000, 0x000001fbedba0000, 0x000001fbeded0000]
 total_blobs=11343 nmethods=10534 adapters=711
 compilation: enabled
              stopped_count=0, restarted_count=0
 full_count=0

Compilation events (20 events):
Event: 64745.142 Thread 0x000001fbddefa060 nmethod 27643 0x000001fbeebae190 code [0x000001fbeebae500, 0x000001fbeebb2868]
Event: 64745.143 Thread 0x000001fbc74a01f0 nmethod 27642 0x000001fbeebb4610 code [0x000001fbeebb4980, 0x000001fbeebb8d58]
Event: 64745.165 Thread 0x000001fbddefa060 27889       4       org.eclipse.osgi.internal.container.InternalUtils::asList (2 bytes)
Event: 64745.165 Thread 0x000001fbc74a01f0 27849   !   4       org.eclipse.osgi.internal.serviceregistry.ServiceRegistrationImpl::getRanking (17 bytes)
Event: 64745.166 Thread 0x000001fbddefa060 nmethod 27889 0x000001fbee4d7190 code [0x000001fbee4d7300, 0x000001fbee4d7368]
Event: 64745.167 Thread 0x000001fbddefa060 27818       4       org.osgi.util.tracker.AbstractTracked::modified (11 bytes)
Event: 64745.168 Thread 0x000001fbddefa060 nmethod 27818 0x000001fbee6e7990 code [0x000001fbee6e7b20, 0x000001fbee6e7ba8]
Event: 64745.168 Thread 0x000001fbddefa060 27721   !   4       org.eclipse.core.internal.localstore.SafeFileOutputStream::write (20 bytes)
Event: 64745.170 Thread 0x000001fbc74a01f0 nmethod 27849 0x000001fbee6f5710 code [0x000001fbee6f58a0, 0x000001fbee6f5a98]
Event: 64745.170 Thread 0x000001fbc74a01f0 27666       4       java.util.Arrays::primitiveArrayHashCode (127 bytes)
Event: 64745.179 Thread 0x000001fbc74a2400 nmethod 27652 0x000001fbee371090 code [0x000001fbee371260, 0x000001fbee371788]
Event: 64745.179 Thread 0x000001fbc74a2400 27678       4       java.lang.reflect.Method::getParameterCount (6 bytes)
Event: 64745.179 Thread 0x000001fbc74a01f0 nmethod 27666 0x000001fbee9df990 code [0x000001fbee9dfb60, 0x000001fbee9dfee8]
Event: 64745.179 Thread 0x000001fbc74a01f0 27740       4       java.io.DataOutputStream::writeShort (28 bytes)
Event: 64745.180 Thread 0x000001fbc74a2400 nmethod 27678 0x000001fbee6e7590 code [0x000001fbee6e7720, 0x000001fbee6e77c8]
Event: 64745.203 Thread 0x000001fbc74a2400 27895       4       java.lang.StackTraceElement::toString (298 bytes)
Event: 64745.209 Thread 0x000001fbddefa060 nmethod 27721 0x000001fbeebbaa90 code [0x000001fbeebbaca0, 0x000001fbeebbb260]
Event: 64745.235 Thread 0x000001fbc74a01f0 nmethod 27740 0x000001fbeebbb810 code [0x000001fbeebbba80, 0x000001fbeebbc2f0]
Event: 64745.363 Thread 0x000001fbc74a01f0 27896       4       java.lang.StackTraceElement::of (39 bytes)
Event: 64745.417 Thread 0x000001fbc74a01f0 nmethod 27896 0x000001fbee452f90 code [0x000001fbee453160, 0x000001fbee453740]

GC Heap History (20 events):
Event: 64745.080 GC heap after
{Heap after GC invocations=1938 (full 41):
 PSYoungGen      total 7680K, used 6048K [0x00000000d5580000, 0x00000000d6480000, 0x0000000100000000)
  eden space 1536K, 0% used [0x00000000d5580000,0x00000000d5580000,0x00000000d5700000)
  from space 6144K, 98% used [0x00000000d5d80000,0x00000000d6368000,0x00000000d6380000)
  to   space 6656K, 0% used [0x00000000d5700000,0x00000000d5700000,0x00000000d5d80000)
 ParOldGen       total 115200K, used 100671K [0x0000000080000000, 0x0000000087080000, 0x00000000d5580000)
  object space 115200K, 87% used [0x0000000080000000,0x000000008624fff8,0x0000000087080000)
 Metaspace       used 80664K, committed 82368K, reserved 1179648K
  class space    used 7643K, committed 8384K, reserved 1048576K
}
Event: 64745.151 GC heap before
{Heap before GC invocations=1939 (full 41):
 PSYoungGen      total 7680K, used 7584K [0x00000000d5580000, 0x00000000d6480000, 0x0000000100000000)
  eden space 1536K, 100% used [0x00000000d5580000,0x00000000d5700000,0x00000000d5700000)
  from space 6144K, 98% used [0x00000000d5d80000,0x00000000d6368000,0x00000000d6380000)
  to   space 6656K, 0% used [0x00000000d5700000,0x00000000d5700000,0x00000000d5d80000)
 ParOldGen       total 115200K, used 100671K [0x0000000080000000, 0x0000000087080000, 0x00000000d5580000)
  object space 115200K, 87% used [0x0000000080000000,0x000000008624fff8,0x0000000087080000)
 Metaspace       used 80664K, committed 82368K, reserved 1179648K
  class space    used 7643K, committed 8384K, reserved 1048576K
}
Event: 64745.164 GC heap after
{Heap after GC invocations=1939 (full 41):
 PSYoungGen      total 8192K, used 6368K [0x00000000d5580000, 0x00000000d6480000, 0x0000000100000000)
  eden space 1536K, 0% used [0x00000000d5580000,0x00000000d5580000,0x00000000d5700000)
  from space 6656K, 95% used [0x00000000d5700000,0x00000000d5d38000,0x00000000d5d80000)
  to   space 6656K, 0% used [0x00000000d5e00000,0x00000000d5e00000,0x00000000d6480000)
 ParOldGen       total 115200K, used 101584K [0x0000000080000000, 0x0000000087080000, 0x00000000d5580000)
  object space 115200K, 88% used [0x0000000080000000,0x0000000086334008,0x0000000087080000)
 Metaspace       used 80664K, committed 82368K, reserved 1179648K
  class space    used 7643K, committed 8384K, reserved 1048576K
}
Event: 64745.183 GC heap before
{Heap before GC invocations=1940 (full 41):
 PSYoungGen      total 8192K, used 7903K [0x00000000d5580000, 0x00000000d6480000, 0x0000000100000000)
  eden space 1536K, 99% used [0x00000000d5580000,0x00000000d56fffe8,0x00000000d5700000)
  from space 6656K, 95% used [0x00000000d5700000,0x00000000d5d38000,0x00000000d5d80000)
  to   space 6656K, 0% used [0x00000000d5e00000,0x00000000d5e00000,0x00000000d6480000)
 ParOldGen       total 115200K, used 101584K [0x0000000080000000, 0x0000000087080000, 0x00000000d5580000)
  object space 115200K, 88% used [0x0000000080000000,0x0000000086334008,0x0000000087080000)
 Metaspace       used 80664K, committed 82368K, reserved 1179648K
  class space    used 7643K, committed 8384K, reserved 1048576K
}
Event: 64745.190 GC heap after
{Heap after GC invocations=1940 (full 41):
 PSYoungGen      total 7680K, used 5376K [0x00000000d5580000, 0x00000000d6380000, 0x0000000100000000)
  eden space 2048K, 0% used [0x00000000d5580000,0x00000000d5580000,0x00000000d5780000)
  from space 5632K, 95% used [0x00000000d5e00000,0x00000000d6340000,0x00000000d6380000)
  to   space 6144K, 0% used [0x00000000d5780000,0x00000000d5780000,0x00000000d5d80000)
 ParOldGen       total 115200K, used 103392K [0x0000000080000000, 0x0000000087080000, 0x00000000d5580000)
  object space 115200K, 89% used [0x0000000080000000,0x00000000864f8008,0x0000000087080000)
 Metaspace       used 80664K, committed 82368K, reserved 1179648K
  class space    used 7643K, committed 8384K, reserved 1048576K
}
Event: 64745.218 GC heap before
{Heap before GC invocations=1941 (full 41):
 PSYoungGen      total 7680K, used 7413K [0x00000000d5580000, 0x00000000d6380000, 0x0000000100000000)
  eden space 2048K, 99% used [0x00000000d5580000,0x00000000d577d6a0,0x00000000d5780000)
  from space 5632K, 95% used [0x00000000d5e00000,0x00000000d6340000,0x00000000d6380000)
  to   space 6144K, 0% used [0x00000000d5780000,0x00000000d5780000,0x00000000d5d80000)
 ParOldGen       total 115200K, used 103392K [0x0000000080000000, 0x0000000087080000, 0x00000000d5580000)
  object space 115200K, 89% used [0x0000000080000000,0x00000000864f8008,0x0000000087080000)
 Metaspace       used 80664K, committed 82368K, reserved 1179648K
  class space    used 7643K, committed 8384K, reserved 1048576K
}
Event: 64745.231 GC heap after
{Heap after GC invocations=1941 (full 41):
 PSYoungGen      total 7168K, used 4864K [0x00000000d5580000, 0x00000000d6200000, 0x0000000100000000)
  eden space 2048K, 0% used [0x00000000d5580000,0x00000000d5580000,0x00000000d5780000)
  from space 5120K, 95% used [0x00000000d5780000,0x00000000d5c40000,0x00000000d5c80000)
  to   space 5120K, 0% used [0x00000000d5d00000,0x00000000d5d00000,0x00000000d6200000)
 ParOldGen       total 115200K, used 104776K [0x0000000080000000, 0x0000000087080000, 0x00000000d5580000)
  object space 115200K, 90% used [0x0000000080000000,0x0000000086652008,0x0000000087080000)
 Metaspace       used 80664K, committed 82368K, reserved 1179648K
  class space    used 7643K, committed 8384K, reserved 1048576K
}
Event: 64745.249 GC heap before
{Heap before GC invocations=1942 (full 41):
 PSYoungGen      total 7168K, used 6912K [0x00000000d5580000, 0x00000000d6200000, 0x0000000100000000)
  eden space 2048K, 100% used [0x00000000d5580000,0x00000000d5780000,0x00000000d5780000)
  from space 5120K, 95% used [0x00000000d5780000,0x00000000d5c40000,0x00000000d5c80000)
  to   space 5120K, 0% used [0x00000000d5d00000,0x00000000d5d00000,0x00000000d6200000)
 ParOldGen       total 115200K, used 104776K [0x0000000080000000, 0x0000000087080000, 0x00000000d5580000)
  object space 115200K, 90% used [0x0000000080000000,0x0000000086652008,0x0000000087080000)
 Metaspace       used 80664K, committed 82368K, reserved 1179648K
  class space    used 7643K, committed 8384K, reserved 1048576K
}
Event: 64745.261 GC heap after
{Heap after GC invocations=1942 (full 41):
 PSYoungGen      total 7168K, used 4128K [0x00000000d5580000, 0x00000000d6180000, 0x0000000100000000)
  eden space 2560K, 0% used [0x00000000d5580000,0x00000000d5580000,0x00000000d5800000)
  from space 4608K, 89% used [0x00000000d5d00000,0x00000000d6108000,0x00000000d6180000)
  to   space 4608K, 0% used [0x00000000d5880000,0x00000000d5880000,0x00000000d5d00000)
 ParOldGen       total 115200K, used 106224K [0x0000000080000000, 0x0000000087080000, 0x00000000d5580000)
  object space 115200K, 92% used [0x0000000080000000,0x00000000867bc008,0x0000000087080000)
 Metaspace       used 80664K, committed 82368K, reserved 1179648K
  class space    used 7643K, committed 8384K, reserved 1048576K
}
Event: 64745.279 GC heap before
{Heap before GC invocations=1943 (full 41):
 PSYoungGen      total 7168K, used 6659K [0x00000000d5580000, 0x00000000d6180000, 0x0000000100000000)
  eden space 2560K, 98% used [0x00000000d5580000,0x00000000d57f8fb8,0x00000000d5800000)
  from space 4608K, 89% used [0x00000000d5d00000,0x00000000d6108000,0x00000000d6180000)
  to   space 4608K, 0% used [0x00000000d5880000,0x00000000d5880000,0x00000000d5d00000)
 ParOldGen       total 115200K, used 106224K [0x0000000080000000, 0x0000000087080000, 0x00000000d5580000)
  object space 115200K, 92% used [0x0000000080000000,0x00000000867bc008,0x0000000087080000)
 Metaspace       used 80664K, committed 82368K, reserved 1179648K
  class space    used 7643K, committed 8384K, reserved 1048576K
}
Event: 64745.288 GC heap after
{Heap after GC invocations=1943 (full 41):
 PSYoungGen      total 6656K, used 3402K [0x00000000d5580000, 0x00000000d6080000, 0x0000000100000000)
  eden space 3072K, 0% used [0x00000000d5580000,0x00000000d5580000,0x00000000d5880000)
  from space 3584K, 94% used [0x00000000d5880000,0x00000000d5bd2880,0x00000000d5c00000)
  to   space 4096K, 0% used [0x00000000d5c80000,0x00000000d5c80000,0x00000000d6080000)
 ParOldGen       total 115200K, used 107944K [0x0000000080000000, 0x0000000087080000, 0x00000000d5580000)
  object space 115200K, 93% used [0x0000000080000000,0x000000008696a008,0x0000000087080000)
 Metaspace       used 80664K, committed 82368K, reserved 1179648K
  class space    used 7643K, committed 8384K, reserved 1048576K
}
Event: 64745.314 GC heap before
{Heap before GC invocations=1944 (full 41):
 PSYoungGen      total 6656K, used 6474K [0x00000000d5580000, 0x00000000d6080000, 0x0000000100000000)
  eden space 3072K, 100% used [0x00000000d5580000,0x00000000d5880000,0x00000000d5880000)
  from space 3584K, 94% used [0x00000000d5880000,0x00000000d5bd2880,0x00000000d5c00000)
  to   space 4096K, 0% used [0x00000000d5c80000,0x00000000d5c80000,0x00000000d6080000)
 ParOldGen       total 115200K, used 107944K [0x0000000080000000, 0x0000000087080000, 0x00000000d5580000)
  object space 115200K, 93% used [0x0000000080000000,0x000000008696a008,0x0000000087080000)
 Metaspace       used 80664K, committed 82368K, reserved 1179648K
  class space    used 7643K, committed 8384K, reserved 1048576K
}
Event: 64745.323 GC heap after
{Heap after GC invocations=1944 (full 41):
 PSYoungGen      total 7168K, used 2622K [0x00000000d5580000, 0x00000000d5f80000, 0x0000000100000000)
  eden space 4096K, 0% used [0x00000000d5580000,0x00000000d5580000,0x00000000d5980000)
  from space 3072K, 85% used [0x00000000d5c80000,0x00000000d5f0f980,0x00000000d5f80000)
  to   space 3072K, 0% used [0x00000000d5980000,0x00000000d5980000,0x00000000d5c80000)
 ParOldGen       total 115200K, used 109624K [0x0000000080000000, 0x0000000087080000, 0x00000000d5580000)
  object space 115200K, 95% used [0x0000000080000000,0x0000000086b0e008,0x0000000087080000)
 Metaspace       used 80664K, committed 82368K, reserved 1179648K
  class space    used 7643K, committed 8384K, reserved 1048576K
}
Event: 64745.395 GC heap before
{Heap before GC invocations=1945 (full 41):
 PSYoungGen      total 7168K, used 6718K [0x00000000d5580000, 0x00000000d5f80000, 0x0000000100000000)
  eden space 4096K, 100% used [0x00000000d5580000,0x00000000d5980000,0x00000000d5980000)
  from space 3072K, 85% used [0x00000000d5c80000,0x00000000d5f0f980,0x00000000d5f80000)
  to   space 3072K, 0% used [0x00000000d5980000,0x00000000d5980000,0x00000000d5c80000)
 ParOldGen       total 115200K, used 109624K [0x0000000080000000, 0x0000000087080000, 0x00000000d5580000)
  object space 115200K, 95% used [0x0000000080000000,0x0000000086b0e008,0x0000000087080000)
 Metaspace       used 80664K, committed 82368K, reserved 1179648K
  class space    used 7643K, committed 8384K, reserved 1048576K
}
Event: 64745.403 GC heap after
{Heap after GC invocations=1945 (full 41):
 PSYoungGen      total 7168K, used 1852K [0x00000000d5580000, 0x00000000d5f80000, 0x0000000100000000)
  eden space 4096K, 0% used [0x00000000d5580000,0x00000000d5580000,0x00000000d5980000)
  from space 3072K, 60% used [0x00000000d5980000,0x00000000d5b4f300,0x00000000d5c80000)
  to   space 2560K, 0% used [0x00000000d5d00000,0x00000000d5d00000,0x00000000d5f80000)
 ParOldGen       total 115200K, used 111112K [0x0000000080000000, 0x0000000087080000, 0x00000000d5580000)
  object space 115200K, 96% used [0x0000000080000000,0x0000000086c82008,0x0000000087080000)
 Metaspace       used 80664K, committed 82368K, reserved 1179648K
  class space    used 7643K, committed 8384K, reserved 1048576K
}
Event: 64745.453 GC heap before
{Heap before GC invocations=1946 (full 41):
 PSYoungGen      total 7168K, used 5948K [0x00000000d5580000, 0x00000000d5f80000, 0x0000000100000000)
  eden space 4096K, 100% used [0x00000000d5580000,0x00000000d5980000,0x00000000d5980000)
  from space 3072K, 60% used [0x00000000d5980000,0x00000000d5b4f300,0x00000000d5c80000)
  to   space 2560K, 0% used [0x00000000d5d00000,0x00000000d5d00000,0x00000000d5f80000)
 ParOldGen       total 115200K, used 111112K [0x0000000080000000, 0x0000000087080000, 0x00000000d5580000)
  object space 115200K, 96% used [0x0000000080000000,0x0000000086c82008,0x0000000087080000)
 Metaspace       used 80664K, committed 82368K, reserved 1179648K
  class space    used 7643K, committed 8384K, reserved 1048576K
}
Event: 64745.461 GC heap after
{Heap after GC invocations=1946 (full 41):
 PSYoungGen      total 6144K, used 832K [0x00000000d5580000, 0x00000000d5e00000, 0x0000000100000000)
  eden space 5120K, 0% used [0x00000000d5580000,0x00000000d5580000,0x00000000d5a80000)
  from space 1024K, 81% used [0x00000000d5d00000,0x00000000d5dd0000,0x00000000d5e00000)
  to   space 1536K, 0% used [0x00000000d5b00000,0x00000000d5b00000,0x00000000d5c80000)
 ParOldGen       total 115200K, used 112496K [0x0000000080000000, 0x0000000087080000, 0x00000000d5580000)
  object space 115200K, 97% used [0x0000000080000000,0x0000000086ddc208,0x0000000087080000)
 Metaspace       used 80664K, committed 82368K, reserved 1179648K
  class space    used 7643K, committed 8384K, reserved 1048576K
}
Event: 64745.501 GC heap before
{Heap before GC invocations=1947 (full 41):
 PSYoungGen      total 6144K, used 5952K [0x00000000d5580000, 0x00000000d5e00000, 0x0000000100000000)
  eden space 5120K, 100% used [0x00000000d5580000,0x00000000d5a80000,0x00000000d5a80000)
  from space 1024K, 81% used [0x00000000d5d00000,0x00000000d5dd0000,0x00000000d5e00000)
  to   space 1536K, 0% used [0x00000000d5b00000,0x00000000d5b00000,0x00000000d5c80000)
 ParOldGen       total 115200K, used 112496K [0x0000000080000000, 0x0000000087080000, 0x00000000d5580000)
  object space 115200K, 97% used [0x0000000080000000,0x0000000086ddc208,0x0000000087080000)
 Metaspace       used 80664K, committed 82368K, reserved 1179648K
  class space    used 7643K, committed 8384K, reserved 1048576K
}
Event: 64745.512 GC heap after
{Heap after GC invocations=1947 (full 41):
 PSYoungGen      total 7168K, used 1032K [0x00000000d5580000, 0x00000000d5e80000, 0x0000000100000000)
  eden space 5632K, 0% used [0x00000000d5580000,0x00000000d5580000,0x00000000d5b00000)
  from space 1536K, 67% used [0x00000000d5b00000,0x00000000d5c02200,0x00000000d5c80000)
  to   space 1536K, 0% used [0x00000000d5d00000,0x00000000d5d00000,0x00000000d5e80000)
 ParOldGen       total 115200K, used 114041K [0x0000000080000000, 0x0000000087080000, 0x00000000d5580000)
  object space 115200K, 98% used [0x0000000080000000,0x0000000086f5e408,0x0000000087080000)
 Metaspace       used 80664K, committed 82368K, reserved 1179648K
  class space    used 7643K, committed 8384K, reserved 1048576K
}
Event: 64745.512 GC heap before
{Heap before GC invocations=1948 (full 42):
 PSYoungGen      total 7168K, used 1032K [0x00000000d5580000, 0x00000000d5e80000, 0x0000000100000000)
  eden space 5632K, 0% used [0x00000000d5580000,0x00000000d5580000,0x00000000d5b00000)
  from space 1536K, 67% used [0x00000000d5b00000,0x00000000d5c02200,0x00000000d5c80000)
  to   space 1536K, 0% used [0x00000000d5d00000,0x00000000d5d00000,0x00000000d5e80000)
 ParOldGen       total 115200K, used 114041K [0x0000000080000000, 0x0000000087080000, 0x00000000d5580000)
  object space 115200K, 98% used [0x0000000080000000,0x0000000086f5e408,0x0000000087080000)
 Metaspace       used 80664K, committed 82368K, reserved 1179648K
  class space    used 7643K, committed 8384K, reserved 1048576K
}

Dll operation events (11 events):
Event: 0.062 Loaded shared library D:\JDK21\bin\java.dll
Event: 0.141 Loaded shared library D:\JDK21\bin\jsvml.dll
Event: 0.263 Loaded shared library D:\JDK21\bin\zip.dll
Event: 0.267 Loaded shared library D:\JDK21\bin\instrument.dll
Event: 0.275 Loaded shared library D:\JDK21\bin\net.dll
Event: 0.281 Loaded shared library D:\JDK21\bin\nio.dll
Event: 0.290 Loaded shared library D:\JDK21\bin\zip.dll
Event: 0.328 Loaded shared library D:\JDK21\bin\jimage.dll
Event: 0.632 Loaded shared library D:\JDK21\bin\verify.dll
Event: 4.255 Loaded shared library C:\Users\Thinkpad\AppData\Roaming\Code\User\globalStorage\redhat.java\1.55.0\config_win\org.eclipse.equinox.launcher\org.eclipse.equinox.launcher.win32.win32.x86_64_1.3.100.v20260613-0559\eclipse_11924.dll
Event: 9.819 Loaded shared library C:\Users\Thinkpad\AppData\Local\Temp\jna-1289228929\jna13185622654892392317.dll

Deoptimization events (20 events):
Event: 64744.608 Thread 0x000001fbc8766b70 Uncommon trap: trap_request=0xffffffde fr.pc=0x000001fbeeb65454 relative=0x0000000000001a34
Event: 64744.608 Thread 0x000001fbc8766b70 Uncommon trap: reason=class_check action=maybe_recompile pc=0x000001fbeeb65454 method=java.lang.Throwable.lockedPrintStackTrace(Ljava/lang/Throwable$PrintStreamOrWriter;)V @ 131 c2
Event: 64744.608 Thread 0x000001fbc8766b70 DEOPT PACKING pc=0x000001fbeeb65454 sp=0x000000ae20dfe520
Event: 64744.608 Thread 0x000001fbc8766b70 DEOPT UNPACKING pc=0x000001fbed983aa2 sp=0x000000ae20dfe530 mode 2
Event: 64744.609 Thread 0x000001fbc8766b70 Uncommon trap: trap_request=0xffffff45 fr.pc=0x000001fbee0c3e90 relative=0x0000000000000430
Event: 64744.609 Thread 0x000001fbc8766b70 Uncommon trap: reason=unstable_if action=reinterpret pc=0x000001fbee0c3e90 method=java.lang.Module.getLayer()Ljava/lang/ModuleLayer; @ 22 c2
Event: 64744.610 Thread 0x000001fbc8766b70 DEOPT PACKING pc=0x000001fbee0c3e90 sp=0x000000ae20dfe320
Event: 64744.610 Thread 0x000001fbc8766b70 DEOPT UNPACKING pc=0x000001fbed983aa2 sp=0x000000ae20dfe198 mode 2
Event: 64744.611 Thread 0x000001fbc8766b70 Uncommon trap: trap_request=0xffffff45 fr.pc=0x000001fbee8586b8 relative=0x0000000000000358
Event: 64744.611 Thread 0x000001fbc8766b70 Uncommon trap: reason=unstable_if action=reinterpret pc=0x000001fbee8586b8 method=java.lang.Module.getLayer()Ljava/lang/ModuleLayer; @ 22 c2
Event: 64744.611 Thread 0x000001fbc8766b70 DEOPT PACKING pc=0x000001fbee8586b8 sp=0x000000ae20dfe1c0
Event: 64744.611 Thread 0x000001fbc8766b70 DEOPT UNPACKING pc=0x000001fbed983aa2 sp=0x000000ae20dfe098 mode 2
Event: 64744.625 Thread 0x000001fbc8766b70 Uncommon trap: trap_request=0xffffffde fr.pc=0x000001fbeeb65454 relative=0x0000000000001a34
Event: 64744.625 Thread 0x000001fbc8766b70 Uncommon trap: reason=class_check action=maybe_recompile pc=0x000001fbeeb65454 method=java.lang.Throwable.lockedPrintStackTrace(Ljava/lang/Throwable$PrintStreamOrWriter;)V @ 131 c2
Event: 64744.626 Thread 0x000001fbc8766b70 DEOPT PACKING pc=0x000001fbeeb65454 sp=0x000000ae20dfe520
Event: 64744.626 Thread 0x000001fbc8766b70 DEOPT UNPACKING pc=0x000001fbed983aa2 sp=0x000000ae20dfe530 mode 2
Event: 64744.634 Thread 0x000001fbc8766b70 Uncommon trap: trap_request=0xffffffde fr.pc=0x000001fbeeb65454 relative=0x0000000000001a34
Event: 64744.634 Thread 0x000001fbc8766b70 Uncommon trap: reason=class_check action=maybe_recompile pc=0x000001fbeeb65454 method=java.lang.Throwable.lockedPrintStackTrace(Ljava/lang/Throwable$PrintStreamOrWriter;)V @ 131 c2
Event: 64744.635 Thread 0x000001fbc8766b70 DEOPT PACKING pc=0x000001fbeeb65454 sp=0x000000ae20dfe690
Event: 64744.635 Thread 0x000001fbc8766b70 DEOPT UNPACKING pc=0x000001fbed983aa2 sp=0x000000ae20dfe6a0 mode 2

Classes loaded (20 events):
Event: 7093.310 Loading class java/util/concurrent/ConcurrentHashMap$TreeNode
Event: 7093.364 Loading class java/util/concurrent/ConcurrentHashMap$TreeNode done
Event: 7093.364 Loading class java/util/concurrent/ConcurrentHashMap$TreeBin
Event: 7093.365 Loading class java/util/concurrent/ConcurrentHashMap$TreeBin done
Event: 64705.463 Loading class java/util/regex/Pattern$Bound
Event: 64705.463 Loading class java/util/regex/Pattern$Bound done
Event: 64719.148 Loading class java/lang/Throwable$WrappedPrintWriter
Event: 64719.149 Loading class java/lang/Throwable$PrintStreamOrWriter
Event: 64719.149 Loading class java/lang/Throwable$PrintStreamOrWriter done
Event: 64719.149 Loading class java/lang/Throwable$WrappedPrintWriter done
Event: 64726.032 Loading class java/nio/channels/CompletionHandler
Event: 64726.032 Loading class java/nio/channels/CompletionHandler done
Event: 64744.015 Loading class java/util/concurrent/ConcurrentHashMap$EntrySpliterator
Event: 64744.016 Loading class java/util/concurrent/ConcurrentHashMap$EntrySpliterator done
Event: 64744.125 Loading class java/util/zip/Deflater
Event: 64744.126 Loading class java/util/zip/Deflater done
Event: 64744.129 Loading class java/util/zip/Deflater$DeflaterZStreamRef
Event: 64744.129 Loading class java/util/zip/Deflater$DeflaterZStreamRef done
Event: 64744.355 Loading class java/util/Collections$EmptyListIterator
Event: 64744.355 Loading class java/util/Collections$EmptyListIterator done

Classes unloaded (20 events):
Event: 10481.294 Thread 0x000001fbde029bd0 Unloading class 0x000001fb8120a000 'java/lang/invoke/LambdaForm$MH+0x000001fb8120a000'
Event: 10481.294 Thread 0x000001fbde029bd0 Unloading class 0x000001fb81210400 'java/lang/invoke/LambdaForm$MH+0x000001fb81210400'
Event: 10481.294 Thread 0x000001fbde029bd0 Unloading class 0x000001fb81210c00 'java/lang/invoke/LambdaForm$MH+0x000001fb81210c00'
Event: 10481.294 Thread 0x000001fbde029bd0 Unloading class 0x000001fb81234800 'java/lang/invoke/LambdaForm$MH+0x000001fb81234800'
Event: 10481.294 Thread 0x000001fbde029bd0 Unloading class 0x000001fb81236c00 'java/lang/invoke/LambdaForm$MH+0x000001fb81236c00'
Event: 10481.294 Thread 0x000001fbde029bd0 Unloading class 0x000001fb81264400 'java/lang/invoke/LambdaForm$MH+0x000001fb81264400'
Event: 10481.294 Thread 0x000001fbde029bd0 Unloading class 0x000001fb81266000 'java/lang/invoke/LambdaForm$MH+0x000001fb81266000'
Event: 10481.294 Thread 0x000001fbde029bd0 Unloading class 0x000001fb81268400 'java/lang/invoke/LambdaForm$MH+0x000001fb81268400'
Event: 10481.294 Thread 0x000001fbde029bd0 Unloading class 0x000001fb81269c00 'java/lang/invoke/LambdaForm$MH+0x000001fb81269c00'
Event: 10481.294 Thread 0x000001fbde029bd0 Unloading class 0x000001fb811a1c00 'java/lang/invoke/LambdaForm$MH+0x000001fb811a1c00'
Event: 10481.294 Thread 0x000001fbde029bd0 Unloading class 0x000001fb811a2000 'java/lang/invoke/LambdaForm$MH+0x000001fb811a2000'
Event: 10481.294 Thread 0x000001fbde029bd0 Unloading class 0x000001fb81277c00 'java/lang/invoke/LambdaForm$MH+0x000001fb81277c00'
Event: 10481.294 Thread 0x000001fbde029bd0 Unloading class 0x000001fb81279800 'java/lang/invoke/LambdaForm$MH+0x000001fb81279800'
Event: 10481.294 Thread 0x000001fbde029bd0 Unloading class 0x000001fb8127a400 'java/lang/invoke/LambdaForm$MH+0x000001fb8127a400'
Event: 10481.294 Thread 0x000001fbde029bd0 Unloading class 0x000001fb8127d800 'java/lang/invoke/LambdaForm$MH+0x000001fb8127d800'
Event: 10481.294 Thread 0x000001fbde029bd0 Unloading class 0x000001fb812fc000 'java/lang/invoke/LambdaForm$MH+0x000001fb812fc000'
Event: 10481.294 Thread 0x000001fbde029bd0 Unloading class 0x000001fb81424800 'java/lang/invoke/LambdaForm$MH+0x000001fb81424800'
Event: 10481.295 Thread 0x000001fbde029bd0 Unloading class 0x000001fb814e9800 'java/lang/invoke/LambdaForm$MH+0x000001fb814e9800'
Event: 10481.295 Thread 0x000001fbde029bd0 Unloading class 0x000001fb815e2800 'java/lang/invoke/LambdaForm$MH+0x000001fb815e2800'
Event: 10481.295 Thread 0x000001fbde029bd0 Unloading class 0x000001fb816b0800 'java/lang/invoke/LambdaForm$BMH+0x000001fb816b0800'

Classes redefined (0 events):
No events

Internal exceptions (20 events):
Event: 64745.491 Thread 0x000001fbc8a09640 Exception <a 'java/io/IOException'{0x00000000d597a7b8}> (0x00000000d597a7b8) 
thrown [s\open\src\hotspot\share\prims\jni.cpp, line 520]
Event: 64745.491 Thread 0x000001fbc8a09640 Exception <a 'java/io/IOException'{0x00000000d59824c0}> (0x00000000d59824c0) 
thrown [s\open\src\hotspot\share\prims\jni.cpp, line 520]
Event: 64745.492 Thread 0x000001fbc8a09640 Exception <a 'java/io/IOException'{0x00000000d5993450}> (0x00000000d5993450) 
thrown [s\open\src\hotspot\share\prims\jni.cpp, line 520]
Event: 64745.492 Thread 0x000001fbc8a09640 Exception <a 'java/io/IOException'{0x00000000d599b160}> (0x00000000d599b160) 
thrown [s\open\src\hotspot\share\prims\jni.cpp, line 520]
Event: 64745.493 Thread 0x000001fbc8a09640 Exception <a 'java/io/IOException'{0x00000000d59ac0f0}> (0x00000000d59ac0f0) 
thrown [s\open\src\hotspot\share\prims\jni.cpp, line 520]
Event: 64745.494 Thread 0x000001fbc8a09640 Exception <a 'java/io/IOException'{0x00000000d59ac9c0}> (0x00000000d59ac9c0) 
thrown [s\open\src\hotspot\share\prims\jni.cpp, line 520]
Event: 64745.495 Thread 0x000001fbc8a09640 Exception <a 'java/io/IOException'{0x00000000d59c4d90}> (0x00000000d59c4d90) 
thrown [s\open\src\hotspot\share\prims\jni.cpp, line 520]
Event: 64745.495 Thread 0x000001fbc8a09640 Exception <a 'java/io/IOException'{0x00000000d59cca98}> (0x00000000d59cca98) 
thrown [s\open\src\hotspot\share\prims\jni.cpp, line 520]
Event: 64745.496 Thread 0x000001fbc8a09640 Exception <a 'java/io/IOException'{0x00000000d59dda28}> (0x00000000d59dda28) 
thrown [s\open\src\hotspot\share\prims\jni.cpp, line 520]
Event: 64745.496 Thread 0x000001fbc8a09640 Exception <a 'java/io/IOException'{0x00000000d59e5738}> (0x00000000d59e5738) 
thrown [s\open\src\hotspot\share\prims\jni.cpp, line 520]
Event: 64745.497 Thread 0x000001fbc8a09640 Exception <a 'java/io/IOException'{0x00000000d59f66c8}> (0x00000000d59f66c8) 
thrown [s\open\src\hotspot\share\prims\jni.cpp, line 520]
Event: 64745.497 Thread 0x000001fbc8a09640 Exception <a 'java/io/IOException'{0x00000000d59f6f98}> (0x00000000d59f6f98) 
thrown [s\open\src\hotspot\share\prims\jni.cpp, line 520]
Event: 64745.498 Thread 0x000001fbc8a09640 Exception <a 'java/io/IOException'{0x00000000d5a0f368}> (0x00000000d5a0f368) 
thrown [s\open\src\hotspot\share\prims\jni.cpp, line 520]
Event: 64745.498 Thread 0x000001fbc8a09640 Exception <a 'java/io/IOException'{0x00000000d5a17070}> (0x00000000d5a17070) 
thrown [s\open\src\hotspot\share\prims\jni.cpp, line 520]
Event: 64745.499 Thread 0x000001fbc8a09640 Exception <a 'java/io/IOException'{0x00000000d5a28000}> (0x00000000d5a28000) 
thrown [s\open\src\hotspot\share\prims\jni.cpp, line 520]
Event: 64745.499 Thread 0x000001fbc8a09640 Exception <a 'java/io/IOException'{0x00000000d5a2fd10}> (0x00000000d5a2fd10) 
thrown [s\open\src\hotspot\share\prims\jni.cpp, line 520]
Event: 64745.500 Thread 0x000001fbc8a09640 Exception <a 'java/io/IOException'{0x00000000d5a40ca0}> (0x00000000d5a40ca0) 
thrown [s\open\src\hotspot\share\prims\jni.cpp, line 520]
Event: 64745.500 Thread 0x000001fbc8a09640 Exception <a 'java/io/IOException'{0x00000000d5a41570}> (0x00000000d5a41570) 
thrown [s\open\src\hotspot\share\prims\jni.cpp, line 520]
Event: 64745.501 Thread 0x000001fbc8a09640 Exception <a 'java/io/IOException'{0x00000000d5a59940}> (0x00000000d5a59940) 
thrown [s\open\src\hotspot\share\prims\jni.cpp, line 520]
Event: 64745.501 Thread 0x000001fbc8a09640 Exception <a 'java/io/IOException'{0x00000000d5a68690}> (0x00000000d5a68690) 
thrown [s\open\src\hotspot\share\prims\jni.cpp, line 520]

ZGC Phase Switch (0 events):
No events

VM Operations (20 events):
Event: 64745.050 Executing VM operation: ParallelGCFailedAllocation (Allocation Failure) done
Event: 64745.067 Executing VM operation: ParallelGCFailedAllocation (Allocation Failure)
Event: 64745.082 Executing VM operation: ParallelGCFailedAllocation (Allocation Failure) done
Event: 64745.151 Executing VM operation: ParallelGCFailedAllocation (Allocation Failure)
Event: 64745.164 Executing VM operation: ParallelGCFailedAllocation (Allocation Failure) done
Event: 64745.183 Executing VM operation: ParallelGCFailedAllocation (Allocation Failure)
Event: 64745.193 Executing VM operation: ParallelGCFailedAllocation (Allocation Failure) done
Event: 64745.218 Executing VM operation: ParallelGCFailedAllocation (Allocation Failure)
Event: 64745.232 Executing VM operation: ParallelGCFailedAllocation (Allocation Failure) done
Event: 64745.249 Executing VM operation: ParallelGCFailedAllocation (Allocation Failure)
Event: 64745.261 Executing VM operation: ParallelGCFailedAllocation (Allocation Failure) done
Event: 64745.279 Executing VM operation: ParallelGCFailedAllocation (Allocation Failure)
Event: 64745.288 Executing VM operation: ParallelGCFailedAllocation (Allocation Failure) done
Event: 64745.314 Executing VM operation: ParallelGCFailedAllocation (Allocation Failure)
Event: 64745.324 Executing VM operation: ParallelGCFailedAllocation (Allocation Failure) done
Event: 64745.370 Executing VM operation: ParallelGCFailedAllocation (Allocation Failure)
Event: 64745.403 Executing VM operation: ParallelGCFailedAllocation (Allocation Failure) done
Event: 64745.452 Executing VM operation: ParallelGCFailedAllocation (Allocation Failure)
Event: 64745.462 Executing VM operation: ParallelGCFailedAllocation (Allocation Failure) done
Event: 64745.501 Executing VM operation: ParallelGCFailedAllocation (Allocation Failure)

Events (20 events):
Event: 64704.919 Thread 0x000001fbc823d320 Thread added: 0x000001fbc823d320
Event: 64704.919 Thread 0x000001fbc823fa80 Thread added: 0x000001fbc823fa80
Event: 64704.920 Thread 0x000001fbc823cc90 Thread added: 0x000001fbc823cc90
Event: 64704.920 Thread 0x000001fbc823e040 Thread added: 0x000001fbc823e040
Event: 64710.245 Thread 0x000001fbc749f450 Thread exited: 0x000001fbc749f450
Event: 64710.264 Thread 0x000001fbc74a0f90 Thread exited: 0x000001fbc74a0f90
Event: 64710.291 Thread 0x000001fbc74a1d30 Thread added: 0x000001fbc74a1d30
Event: 64715.887 Thread 0x000001fbc74a1d30 Thread exited: 0x000001fbc74a1d30
Event: 64720.254 Thread 0x000001fbc74a2400 Thread added: 0x000001fbc74a2400
Event: 64723.660 Thread 0x000001fbc74a2400 Thread exited: 0x000001fbc74a2400
Event: 64743.965 Thread 0x000001fbc8a105d0 Thread added: 0x000001fbc8a105d0
Event: 64743.998 Thread 0x000001fbc74a01f0 Thread added: 0x000001fbc74a01f0
Event: 64744.001 Thread 0x000001fbc8a0de70 Thread added: 0x000001fbc8a0de70
Event: 64744.002 Thread 0x000001fbc8a0de70 Thread exited: 0x000001fbc8a0de70
Event: 64744.012 Thread 0x000001fbc74a2400 Thread added: 0x000001fbc74a2400
Event: 64744.113 Thread 0x000001fbc8a0d7e0 Thread added: 0x000001fbc8a0d7e0
Event: 64744.211 Thread 0x000001fbc8a0d7e0 Thread exited: 0x000001fbc8a0d7e0
Event: 64744.400 Thread 0x000001fbc8a0ff40 Thread added: 0x000001fbc8a0ff40
Event: 64744.440 Thread 0x000001fbc8a0ff40 Thread exited: 0x000001fbc8a0ff40
Event: 64744.530 Thread 0x000001fbc8a0eb90 Thread added: 0x000001fbc8a0eb90


Dynamic libraries:
0x00007ff6e7f60000 - 0x00007ff6e7f70000 	D:\JDK21\bin\java.exe
0x00007ffe0b0e0000 - 0x00007ffe0b347000 	C:\WINDOWS\SYSTEM32\ntdll.dll
0x00007ffe09660000 - 0x00007ffe09729000 	C:\WINDOWS\System32\KERNEL32.DLL
0x00007ffe089a0000 - 0x00007ffe08d91000 	C:\WINDOWS\System32\KERNELBASE.dll
0x00007ffe07a50000 - 0x00007ffe07b9b000 	C:\WINDOWS\System32\ucrtbase.dll
0x00007ffe01400000 - 0x00007ffe01419000 	D:\JDK21\bin\jli.dll
0x00007ffdfade0000 - 0x00007ffdfadfb000 	D:\JDK21\bin\VCRUNTIME140.dll
0x00007ffe095a0000 - 0x00007ffe0965b000 	C:\WINDOWS\System32\ADVAPI32.dll
0x00007ffe09730000 - 0x00007ffe097d9000 	C:\WINDOWS\System32\msvcrt.dll
0x00007ffe0a0f0000 - 0x00007ffe0a197000 	C:\WINDOWS\System32\sechost.dll
0x00007ffe0adb0000 - 0x00007ffe0aec8000 	C:\WINDOWS\System32\RPCRT4.dll
0x00007ffe0a1f0000 - 0x00007ffe0a3b5000 	C:\WINDOWS\System32\USER32.dll
0x00007ffdec210000 - 0x00007ffdec4a3000 	C:\WINDOWS\WinSxS\amd64_microsoft.windows.common-controls_6595b64144ccf1df_6.0.26100.8037_none_3e092faae333b53b\COMCTL32.dll
0x00007ffe08e50000 - 0x00007ffe08e77000 	C:\WINDOWS\System32\win32u.dll
0x00007ffe0a470000 - 0x00007ffe0a49b000 	C:\WINDOWS\System32\GDI32.dll
0x00007ffe086f0000 - 0x00007ffe0881b000 	C:\WINDOWS\System32\gdi32full.dll
0x00007ffe07ba0000 - 0x00007ffe07c43000 	C:\WINDOWS\System32\msvcp_win.dll
0x00007ffdfb810000 - 0x00007ffdfb81b000 	C:\WINDOWS\SYSTEM32\VERSION.dll
0x00007ffe0aed0000 - 0x00007ffe0af01000 	C:\WINDOWS\System32\IMM32.DLL
0x00007ffe04180000 - 0x00007ffe0418c000 	D:\JDK21\bin\vcruntime140_1.dll
0x00007ffdce850000 - 0x00007ffdce8de000 	D:\JDK21\bin\msvcp140.dll
0x00007ffdb2df0000 - 0x00007ffdb3b0d000 	D:\JDK21\bin\server\jvm.dll
0x00007ffe08e80000 - 0x00007ffe08ef4000 	C:\WINDOWS\System32\WS2_32.dll
0x00007ffe077e0000 - 0x00007ffe0783e000 	C:\WINDOWS\SYSTEM32\POWRPROF.dll
0x00007ffdf3340000 - 0x00007ffdf3375000 	C:\WINDOWS\SYSTEM32\WINMM.dll
0x00007ffe077c0000 - 0x00007ffe077d4000 	C:\WINDOWS\SYSTEM32\UMPDC.dll
0x00007ffe066d0000 - 0x00007ffe066eb000 	C:\WINDOWS\SYSTEM32\kernel.appcore.dll
0x00007ffe01390000 - 0x00007ffe0139a000 	D:\JDK21\bin\jimage.dll
0x00007ffe05520000 - 0x00007ffe05762000 	C:\WINDOWS\SYSTEM32\DBGHELP.DLL
0x00007ffe09b80000 - 0x00007ffe09f02000 	C:\WINDOWS\System32\combase.dll
0x00007ffe0a4a0000 - 0x00007ffe0a577000 	C:\WINDOWS\System32\OLEAUT32.dll
0x00007ffde9cc0000 - 0x00007ffde9cfb000 	C:\WINDOWS\SYSTEM32\dbgcore.DLL
0x00007ffe08da0000 - 0x00007ffe08e45000 	C:\WINDOWS\System32\bcryptPrimitives.dll
0x00007ffdfb330000 - 0x00007ffdfb33f000 	D:\JDK21\bin\instrument.dll
0x00007ffdfa820000 - 0x00007ffdfa83f000 	D:\JDK21\bin\java.dll
0x00007ffe0a590000 - 0x00007ffe0acef000 	C:\WINDOWS\System32\SHELL32.dll
0x00007ffe07c50000 - 0x00007ffe07dba000 	C:\WINDOWS\System32\wintypes.dll
0x00007ffe07e80000 - 0x00007ffe086e4000 	C:\WINDOWS\System32\windows.storage.dll
0x00007ffe0af10000 - 0x00007ffe0b007000 	C:\WINDOWS\System32\SHCORE.dll
0x00007ffe0ad00000 - 0x00007ffe0ad67000 	C:\WINDOWS\System32\shlwapi.dll
0x00007ffe078a0000 - 0x00007ffe078c9000 	C:\WINDOWS\SYSTEM32\profapi.dll
0x00007ffdbdbb0000 - 0x00007ffdbdc87000 	D:\JDK21\bin\jsvml.dll
0x00007ffdfa7b0000 - 0x00007ffdfa7c8000 	D:\JDK21\bin\zip.dll
0x00007ffdfb1c0000 - 0x00007ffdfb1d0000 	D:\JDK21\bin\net.dll
0x00007ffe01870000 - 0x00007ffe01997000 	C:\WINDOWS\SYSTEM32\WINHTTP.dll
0x00007ffe06c20000 - 0x00007ffe06c8b000 	C:\WINDOWS\system32\mswsock.dll
0x00007ffdfa790000 - 0x00007ffdfa7a6000 	D:\JDK21\bin\nio.dll
0x00007ffdfb030000 - 0x00007ffdfb040000 	D:\JDK21\bin\verify.dll
0x00007ffdde9d0000 - 0x00007ffddea15000 	C:\Users\Thinkpad\AppData\Roaming\Code\User\globalStorage\redhat.java\1.55.0\config_win\org.eclipse.equinox.launcher\org.eclipse.equinox.launcher.win32.win32.x86_64_1.3.100.v20260613-0559\eclipse_11924.dll
0x00007ffe09390000 - 0x00007ffe09525000 	C:\WINDOWS\System32\ole32.dll
0x00007ffe07020000 - 0x00007ffe0703b000 	C:\WINDOWS\SYSTEM32\CRYPTSP.dll
0x00007ffe06630000 - 0x00007ffe06669000 	C:\WINDOWS\system32\rsaenh.dll
0x00007ffe06cd0000 - 0x00007ffe06d02000 	C:\WINDOWS\SYSTEM32\USERENV.dll
0x00007ffe07870000 - 0x00007ffe0789a000 	C:\WINDOWS\SYSTEM32\bcrypt.dll
0x00007ffe06e80000 - 0x00007ffe06e8c000 	C:\WINDOWS\SYSTEM32\CRYPTBASE.dll
0x00007ffe06090000 - 0x00007ffe060c3000 	C:\WINDOWS\SYSTEM32\IPHLPAPI.DLL
0x00007ffe09530000 - 0x00007ffe0953a000 	C:\WINDOWS\System32\NSI.dll
0x00007ffdd6110000 - 0x00007ffdd6159000 	C:\Users\Thinkpad\AppData\Local\Temp\jna-1289228929\jna13185622654892392317.dll
0x00007ffe0ad90000 - 0x00007ffe0ad98000 	C:\WINDOWS\System32\PSAPI.DLL
0x00007ffe01b10000 - 0x00007ffe01b2d000 	C:\WINDOWS\SYSTEM32\dhcpcsvc6.DLL
0x00007ffe01ab0000 - 0x00007ffe01ad3000 	C:\WINDOWS\SYSTEM32\dhcpcsvc.DLL
0x00007ffe067f0000 - 0x00007ffe06826000 	C:\WINDOWS\SYSTEM32\ntmarta.dll

dbghelp: loaded successfully - version: 4.0.5 - missing functions: none
symbol engine: initialized successfully - sym options: 0x614 - pdb path: .;D:\JDK21\bin;C:\WINDOWS\SYSTEM32;C:\WINDOWS\WinSxS\amd64_microsoft.windows.common-controls_6595b64144ccf1df_6.0.26100.8037_none_3e092faae333b53b;D:\JDK21\bin\server;C:\Users\Thinkpad\AppData\Roaming\Code\User\globalStorage\redhat.java\1.55.0\config_win\org.eclipse.equinox.launcher\org.eclipse.equinox.launcher.win32.win32.x86_64_1.3.100.v20260613-0559;C:\Users\Thinkpad\AppData\Local\Temp\jna-1289228929

VM Arguments:
jvm_args: --add-modules=ALL-SYSTEM --add-opens=java.base/java.util=ALL-UNNAMED --add-opens=java.base/java.lang=ALL-UNNAMED --add-opens=java.base/sun.nio.fs=ALL-UNNAMED -Declipse.application=org.eclipse.jdt.ls.core.id1 -Dosgi.bundles.defaultStartLevel=4 -Declipse.product=org.eclipse.jdt.ls.core.product -Djava.import.generatesMetadataFilesAtProjectRoot=false -DDetectVMInstallationsJob.disabled=true -Dfile.encoding=utf8 -XX:+UseParallelGC -XX:GCTimeRatio=4 -XX:AdaptiveSizePolicyWeight=90 -Dsun.zip.disableMemoryMapping=true -Xmx2G -Xms100m -Xlog:disable -javaagent:c:\Users\Thinkpad\.vscode\extensions\redhat.java-1.55.0-win32-x64\lombok\lombok-1.18.39-4050.jar -XX:+HeapDumpOnOutOfMemoryError -XX:HeapDumpPath=c:\Users\Thinkpad\AppData\Roaming\Code\User\workspaceStorage\09663600955caa18eb29f2be2490ea94\redhat.java -Daether.dependencyCollector.impl=bf 
java_command: c:\Users\Thinkpad\.vscode\extensions\redhat.java-1.55.0-win32-x64\server\plugins\org.eclipse.equinox.launcher_1.7.200.v20260619-2039.jar -configuration c:\Users\Thinkpad\AppData\Roaming\Code\User\globalStorage\redhat.java\1.55.0\config_win -data c:\Users\Thinkpad\AppData\Roaming\Code\User\workspaceStorage\09663600955caa18eb29f2be2490ea94\redhat.java\jdt_ws --pipe=\\.\pipe\lsp-571141a06b5035f05eff75bf83ee512b-sock
java_class_path (initial): c:\Users\Thinkpad\.vscode\extensions\redhat.java-1.55.0-win32-x64\server\plugins\org.eclipse.equinox.launcher_1.7.200.v20260619-2039.jar
Launcher Type: SUN_STANDARD

[Global flags]
    uintx AdaptiveSizePolicyWeight                 = 90                                        {product} {command line}
     intx CICompilerCount                          = 4                                         {product} {ergonomic}
    uintx GCTimeRatio                              = 4                                         {product} {command line}
     bool HeapDumpOnOutOfMemoryError               = true                                   {manageable} {command line}
    ccstr HeapDumpPath                             = c:\Users\Thinkpad\AppData\Roaming\Code\User\workspaceStorage\09663600955caa18eb29f2be2490ea94\redhat.java         {manageable} {command line}
   size_t InitialHeapSize                          = 104857600                                 {product} {command line}
   size_t MaxHeapSize                              = 2147483648                                {product} {command line}
   size_t MaxNewSize                               = 715653120                                 {product} {ergonomic}
   size_t MinHeapDeltaBytes                        = 524288                                    {product} {ergonomic}
   size_t MinHeapSize                              = 104857600                                 {product} {command line}
   size_t NewSize                                  = 34603008                                  {product} {ergonomic}
    uintx NonNMethodCodeHeapSize                   = 5839372                                {pd product} {ergonomic}
    uintx NonProfiledCodeHeapSize                  = 122909434                              {pd product} {ergonomic}
   size_t OldSize                                  = 70254592                                  {product} {ergonomic}
    uintx ProfiledCodeHeapSize                     = 122909434                              {pd product} {ergonomic}
    uintx ReservedCodeCacheSize                    = 251658240                              {pd product} {ergonomic}
     bool SegmentedCodeCache                       = true                                      {product} {ergonomic}
   size_t SoftMaxHeapSize                          = 2147483648                             {manageable} {ergonomic}
     bool UseCompressedOops                        = true                           {product lp64_product} {ergonomic}
     bool UseLargePagesIndividualAllocation        = false                                  {pd product} {ergonomic}
     bool UseParallelGC                            = true                                      {product} {command line}

Logging:
Log output configuration:
 #0: stdout all=off uptime,level,tags foldmultilines=false
 #1: stderr all=off uptime,level,tags foldmultilines=false

Environment Variables:
JAVA_HOME=D:\JDK21
PATH=C:\Python313\Scripts\;C:\Python313\;C:\Program Files\Common Files\Oracle\Java\javapath;D:\VMware\bin\;C:\WINDOWS\system32;C:\WINDOWS;C:\WINDOWS\System32\Wbem;C:\WINDOWS\System32\WindowsPowerShell\v1.0\;C:\WINDOWS\System32\OpenSSH\;D:\JDK21\bin;C:\ProgramData\chocolatey\bin;C:\Program Files\nodejs\;D:\maven\apache-maven-3.9.11\bin;D:\VIVO\pcsuite\;D:\Git\cmd;C:\Program Files\MySQL\MySQL Server 8.0\bin;;C:\Program Files\Docker\Docker\resources\bin;C:\Program Files\Tailscale\;C:\Program Files\MySQL\MySQL Shell 8.0\bin\;C:\Users\Thinkpad\AppData\Local\Microsoft\WindowsApps;D:\Microsoft VS Code\bin;C:\Users\Thinkpad\AppData\Roaming\npm;C:\Program Files\Microsoft VS Code\resources\app\node_modules\@vscode\ripgrep\bin
USERNAME=Thinkpad
OS=Windows_NT
PROCESSOR_IDENTIFIER=Intel64 Family 6 Model 142 Stepping 12, GenuineIntel
TMP=C:\Users\Thinkpad\AppData\Local\Temp
TEMP=C:\Users\Thinkpad\AppData\Local\Temp




Periodic native trim disabled

---------------  S Y S T E M  ---------------

OS:
 Windows 11 , 64 bit Build 26100 (10.0.26100.7920)
OS uptime: 7 days 16:01 hours
Hyper-V role detected

CPU: total 8 (initial active 8) (4 cores per cpu, 2 threads per core) family 6 model 142 stepping 12 microcode 0x100, cx8, cmov, fxsr, ht, mmx, 3dnowpref, sse, sse2, sse3, ssse3, sse4.1, sse4.2, popcnt, lzcnt, tsc, tscinvbit, avx, avx2, aes, erms, clmul, bmi1, bmi2, adx, fma, vzeroupper, clflush, clflushopt, hv, rdtscp, f16c
Processor Information for all 8 processors :
  Max Mhz: 1896, Current Mhz: 1596, Mhz Limit: 1592

Memory: 4k page, system-wide physical 16124M (5104M free)
TotalPageFile size 28924M (AvailPageFile size 11602M)
current process WorkingSet (physical memory assigned to process): 383M, peak: 494M
current process commit charge ("private bytes"): 476M, peak: 572M

vm_info: Java HotSpot(TM) 64-Bit Server VM (21.0.8+12-LTS-250) for windows-amd64 JRE (21.0.8+12-LTS-250), built on 2025-06-27T08:11:22Z by "mach5one" with MS VC++ 17.6 (VS2022)

END.
